// Jest Snapshot v1, https://goo.gl/fbAQLP

exports[`OtpModal Component renders without errors 1`] = `<div />`;
