// Jest Snapshot v1, https://goo.gl/fbAQLP

exports[`CommonAddProject renders the component for pm role 1`] = `<div />`;

exports[`CommonAddProject renders the component for user role 1`] = `<div />`;
